2026-01-22 21:29:06,523 - __main__ - INFO - 3D-Scanner wird gestartet...
2026-01-22 21:29:07,589 - __main__ - INFO - Verfügbare Kameras gefunden: [0]
2026-01-22 21:29:08,339 - __main__ - INFO - go_next: Aktuelle Seite 0, scan_start=False
2026-01-22 21:29:08,340 - __main__ - INFO - Starte Bildaufnahme von allen Kameras
2026-01-22 21:29:09,325 - __main__ - INFO - Bild erfolgreich von Kamera 0 aufgenommen
2026-01-22 21:29:09,327 - __main__ - WARNING - Fehler beim Zugriff auf Kamera 1 - Platzhalterbild erstellt
2026-01-22 21:29:09,327 - __main__ - WARNING - Fehler beim Zugriff auf Kamera 2 - Platzhalterbild erstellt
2026-01-22 21:29:09,328 - __main__ - WARNING - Fehler beim Zugriff auf Kamera 3 - Platzhalterbild erstellt
2026-01-22 21:29:45,636 - __main__ - INFO - 3D-Scanner wird gestartet...
2026-01-22 21:29:46,600 - __main__ - INFO - Verfügbare Kameras gefunden: [0]
2026-01-22 21:29:48,056 - __main__ - INFO - go_next: Aktuelle Seite 0, scan_start=False
2026-01-22 21:29:48,056 - __main__ - INFO - Starte Bildaufnahme von allen Kameras
2026-01-22 21:29:49,034 - __main__ - INFO - Bild erfolgreich von Kamera 0 aufgenommen
2026-01-22 21:29:49,035 - __main__ - WARNING - Fehler beim Zugriff auf Kamera 1 - Platzhalterbild erstellt
2026-01-22 21:29:49,035 - __main__ - WARNING - Fehler beim Zugriff auf Kamera 2 - Platzhalterbild erstellt
2026-01-22 21:29:49,037 - __main__ - WARNING - Fehler beim Zugriff auf Kamera 3 - Platzhalterbild erstellt
2026-01-22 21:29:59,448 - __main__ - INFO - 3D-Scanner wird gestartet...
2026-01-22 21:30:00,404 - __main__ - INFO - Verfügbare Kameras gefunden: [0]
2026-01-22 21:30:01,631 - __main__ - INFO - go_next: Aktuelle Seite 0, scan_start=False
2026-01-22 21:30:01,632 - __main__ - INFO - Starte Bildaufnahme von allen Kameras
2026-01-22 21:30:02,611 - __main__ - INFO - Bild erfolgreich von Kamera 0 aufgenommen
2026-01-22 21:30:02,611 - __main__ - WARNING - Fehler beim Zugriff auf Kamera 1 - Platzhalterbild erstellt
2026-01-22 21:30:02,613 - __main__ - WARNING - Fehler beim Zugriff auf Kamera 2 - Platzhalterbild erstellt
2026-01-22 21:30:02,614 - __main__ - WARNING - Fehler beim Zugriff auf Kamera 3 - Platzhalterbild erstellt
2026-01-22 21:30:17,797 - __main__ - INFO - 3D-Scanner wird gestartet...
2026-01-22 21:30:18,656 - __main__ - INFO - Verfügbare Kameras gefunden: [0]
2026-01-22 21:30:19,947 - __main__ - INFO - go_next: Aktuelle Seite 0, scan_start=False
2026-01-22 21:30:19,948 - __main__ - INFO - Starte Bildaufnahme von allen Kameras
2026-01-22 21:30:20,943 - __main__ - INFO - Bild erfolgreich von Kamera 0 aufgenommen
2026-01-22 21:30:20,945 - __main__ - WARNING - Fehler beim Zugriff auf Kamera 1 - Platzhalterbild erstellt
2026-01-22 21:30:20,945 - __main__ - WARNING - Fehler beim Zugriff auf Kamera 2 - Platzhalterbild erstellt
2026-01-22 21:30:20,946 - __main__ - WARNING - Fehler beim Zugriff auf Kamera 3 - Platzhalterbild erstellt
2026-01-24 14:43:39,141 - __main__ - INFO - 3D-Scanner wird gestartet...
2026-01-24 14:43:42,212 - __main__ - INFO - Verfügbare Kameras gefunden: [0, 1, 2, 3]
2026-01-24 14:43:44,186 - __main__ - INFO - go_next: Aktuelle Seite 0, scan_start=False
2026-01-24 14:43:44,186 - __main__ - INFO - Starte Bildaufnahme von allen Kameras
2026-01-24 14:43:45,178 - __main__ - INFO - Bild erfolgreich von Kamera 0 aufgenommen
2026-01-24 14:43:45,959 - __main__ - INFO - Bild erfolgreich von Kamera 1 aufgenommen
2026-01-24 14:43:46,737 - __main__ - INFO - Bild erfolgreich von Kamera 2 aufgenommen
2026-01-24 14:43:47,505 - __main__ - INFO - Bild erfolgreich von Kamera 3 aufgenommen
2026-01-24 14:44:07,995 - __main__ - INFO - Wiederhole Bild 3
2026-01-24 14:44:08,821 - __main__ - INFO - Bild erfolgreich von Kamera 2 aufgenommen
2026-01-24 14:44:10,173 - __main__ - INFO - Wiederhole Bild 4
2026-01-24 14:44:11,023 - __main__ - INFO - Bild erfolgreich von Kamera 3 aufgenommen
2026-01-24 14:44:12,229 - __main__ - INFO - Wiederhole Bild 2
2026-01-24 14:44:13,058 - __main__ - INFO - Bild erfolgreich von Kamera 1 aufgenommen
2026-01-24 14:44:14,468 - __main__ - INFO - Wiederhole Bild 2
2026-01-24 14:44:15,285 - __main__ - INFO - Bild erfolgreich von Kamera 1 aufgenommen
2026-01-24 14:44:16,565 - __main__ - INFO - Wiederhole Bild 2
2026-01-24 14:44:17,373 - __main__ - INFO - Bild erfolgreich von Kamera 1 aufgenommen
2026-01-24 14:44:18,957 - __main__ - INFO - Wiederhole Bild 2
2026-01-24 14:44:19,755 - __main__ - INFO - Bild erfolgreich von Kamera 1 aufgenommen
2026-01-24 14:44:21,847 - __main__ - INFO - Wiederhole Bild 3
2026-01-24 14:44:22,684 - __main__ - INFO - Bild erfolgreich von Kamera 2 aufgenommen
2026-01-24 14:44:23,784 - __main__ - INFO - Wiederhole Bild 4
2026-01-24 14:44:24,598 - __main__ - INFO - Bild erfolgreich von Kamera 3 aufgenommen
2026-01-24 14:44:28,908 - __main__ - INFO - go_next: Aktuelle Seite 1, scan_start=True
2026-01-24 14:44:29,000 - __main__ - ERROR - Gewichtsmodul nicht verfügbar: No module named 'board'
2026-01-24 14:44:29,001 - __main__ - INFO - Ergebnis von weight erhalten: Typ=<class 'str'>
2026-01-24 14:44:29,001 - __main__ - INFO - Gewicht: Undefiniert
2026-01-24 14:44:29,003 - __main__ - INFO - Barcodes vorhanden - aktualisiere GUI
2026-01-24 14:44:38,809 - __main__ - INFO - BoundingBox_Yolo03 erfolgreich importiert
2026-01-24 14:44:38,810 - __main__ - INFO - Verarbeite Bild 0 für YOLO-Erkennung
2026-01-24 14:44:39,115 - workers.BarCode_v02 - INFO - YOLO-Modell geladen von models/YOLOV8s_Barcode_Detection.pt
2026-01-24 14:44:39,116 - __main__ - INFO - Analysiere Bild 0 (iso_Bild) auf Barcodes...
2026-01-24 14:44:42,321 - __main__ - WARNING - Bild 0: Keine Boxen erkannt
2026-01-24 14:44:42,322 - __main__ - INFO - Verarbeite Bild 1 für YOLO-Erkennung
2026-01-24 14:44:44,810 - __main__ - INFO - Bild 1: YOLO erkannt - 150 x 383
2026-01-24 14:44:44,814 - __main__ - INFO - Verarbeite Bild 2 für YOLO-Erkennung
2026-01-24 14:44:47,255 - __main__ - INFO - Bild 2: YOLO erkannt - 40 x 289
2026-01-24 14:44:47,257 - __main__ - INFO - Verarbeite Bild 3 für YOLO-Erkennung
2026-01-24 14:44:49,660 - __main__ - INFO - Bild 3: YOLO erkannt - 81 x 179
2026-01-24 14:44:49,661 - __main__ - INFO - YOLO-Erkennung abgeschlossen. Dimensionen: ['0 x 0', '150 x 383', '40 x 289', '81 x 179']
2026-01-24 14:44:49,662 - __main__ - INFO - Ergebnis von Abmessung erhalten: Typ=<class 'list'>
2026-01-24 14:44:49,662 - __main__ - INFO - Abmessungen erhalten: ['0 x 0', '150 x 383', '40 x 289', '81 x 179']
2026-01-24 14:44:49,663 - __main__ - INFO - Gesamt-Abmessung berechnet: 150 x 150 x 383
2026-01-24 14:44:49,663 - __main__ - INFO - Barcodes vorhanden - aktualisiere GUI
2026-01-24 14:44:49,822 - __main__ - INFO - Ergebnis von yolo_frames erhalten: Typ=<class 'list'>
2026-01-24 14:44:49,822 - __main__ - INFO - Erhalte 4 annotierte Frames
2026-01-24 14:44:49,822 - __main__ - INFO - YOLO-Frames vorhanden - aktualisiere Bilder in GUI
2026-01-24 14:45:22,164 - workers.BarCode_v02 - INFO - Bild 0: 0 Barcode(s) erkannt
2026-01-24 14:45:22,164 - __main__ - INFO - Bild 0: Keine Barcodes erkannt
2026-01-24 14:45:22,164 - __main__ - INFO - Analysiere Bild 1 (top_Bild) auf Barcodes...
2026-01-24 14:45:22,401 - workers.BarCode_v02 - INFO - Bild 1: 0 Barcode(s) erkannt
2026-01-24 14:45:22,401 - __main__ - INFO - Bild 1: Keine Barcodes erkannt
2026-01-24 14:45:22,402 - __main__ - INFO - Analysiere Bild 2 (right_Bild) auf Barcodes...
2026-01-24 14:45:22,597 - workers.BarCode_v02 - INFO - Bild 2: 0 Barcode(s) erkannt
2026-01-24 14:45:22,598 - __main__ - INFO - Bild 2: Keine Barcodes erkannt
2026-01-24 14:45:22,598 - __main__ - INFO - Analysiere Bild 3 (behind_Bild) auf Barcodes...
2026-01-24 14:45:22,790 - workers.BarCode_v02 - INFO - Bild 3: 0 Barcode(s) erkannt
2026-01-24 14:45:22,791 - __main__ - INFO - Bild 3: Keine Barcodes erkannt
2026-01-24 14:45:22,791 - __main__ - INFO - Insgesamt 0 Barcodes in 4 Bildern erkannt
2026-01-24 14:45:22,793 - __main__ - INFO - Alle Tasks fertig
2026-01-24 14:46:14,901 - __main__ - INFO - go_next: Aktuelle Seite 2, scan_start=False
2026-01-24 14:46:20,114 - __main__ - INFO - go_back: Aktuelle Seite 3, scan_start=False
2026-01-24 14:46:21,457 - __main__ - INFO - go_back: Aktuelle Seite 2, scan_start=False
2026-01-24 14:46:21,458 - __main__ - INFO - Zurück zur Foto-Auswahl: scan_start=True gesetzt
2026-01-24 14:46:23,099 - __main__ - INFO - Wiederhole Bild 2
2026-01-24 14:46:24,084 - __main__ - INFO - Bild erfolgreich von Kamera 1 aufgenommen
2026-01-24 14:46:25,663 - __main__ - INFO - Wiederhole Bild 4
2026-01-24 14:46:26,496 - __main__ - INFO - Bild erfolgreich von Kamera 3 aufgenommen
2026-01-24 14:46:27,517 - __main__ - INFO - Wiederhole Bild 3
2026-01-24 14:46:28,359 - __main__ - INFO - Bild erfolgreich von Kamera 2 aufgenommen
2026-01-24 14:46:31,720 - __main__ - INFO - go_next: Aktuelle Seite 1, scan_start=True
2026-01-24 14:46:31,729 - __main__ - INFO - BoundingBox_Yolo03 erfolgreich importiert
2026-01-24 14:46:31,729 - __main__ - INFO - Verarbeite Bild 0 für YOLO-Erkennung
2026-01-24 14:46:31,765 - __main__ - ERROR - Gewichtsmodul nicht verfügbar: No module named 'board'
2026-01-24 14:46:31,774 - __main__ - INFO - Ergebnis von weight erhalten: Typ=<class 'str'>
2026-01-24 14:46:31,777 - __main__ - INFO - Gewicht: Undefiniert
2026-01-24 14:46:31,778 - __main__ - INFO - YOLO-Frames vorhanden - aktualisiere Bilder in GUI
2026-01-24 14:46:32,213 - workers.BarCode_v02 - INFO - YOLO-Modell geladen von models/YOLOV8s_Barcode_Detection.pt
2026-01-24 14:46:32,219 - __main__ - INFO - Analysiere Bild 0 (iso_Bild) auf Barcodes...
2026-01-24 14:46:34,422 - __main__ - WARNING - Bild 0: Keine Boxen erkannt
2026-01-24 14:46:34,422 - __main__ - INFO - Verarbeite Bild 1 für YOLO-Erkennung
2026-01-24 14:46:36,934 - __main__ - INFO - Bild 1: YOLO erkannt - 138 x 386
2026-01-24 14:46:36,935 - __main__ - INFO - Verarbeite Bild 2 für YOLO-Erkennung
2026-01-24 14:46:39,963 - __main__ - INFO - Bild 2: YOLO erkannt - 122 x 387
2026-01-24 14:46:39,965 - __main__ - INFO - Verarbeite Bild 3 für YOLO-Erkennung
2026-01-24 14:46:42,683 - __main__ - INFO - Bild 3: YOLO erkannt - 70 x 192
2026-01-24 14:46:42,684 - __main__ - INFO - YOLO-Erkennung abgeschlossen. Dimensionen: ['0 x 0', '138 x 386', '122 x 387', '70 x 192']
2026-01-24 14:46:42,685 - __main__ - INFO - Ergebnis von Abmessung erhalten: Typ=<class 'list'>
2026-01-24 14:46:42,685 - __main__ - INFO - Abmessungen erhalten: ['0 x 0', '138 x 386', '122 x 387', '70 x 192']
2026-01-24 14:46:42,685 - __main__ - INFO - Gesamt-Abmessung berechnet: 138 x 138 x 386
2026-01-24 14:46:42,686 - __main__ - INFO - YOLO-Frames vorhanden - aktualisiere Bilder in GUI
2026-01-24 14:46:42,845 - __main__ - INFO - Ergebnis von yolo_frames erhalten: Typ=<class 'list'>
2026-01-24 14:46:42,846 - __main__ - INFO - Erhalte 4 annotierte Frames
2026-01-24 14:46:42,846 - __main__ - INFO - YOLO-Frames vorhanden - aktualisiere Bilder in GUI
2026-01-24 14:47:21,754 - workers.BarCode_v02 - INFO - Bild 0: 0 Barcode(s) erkannt
2026-01-24 14:47:21,754 - __main__ - INFO - Bild 0: Keine Barcodes erkannt
2026-01-24 14:47:21,756 - __main__ - INFO - Analysiere Bild 1 (top_Bild) auf Barcodes...
2026-01-24 14:47:22,035 - workers.BarCode_v02 - INFO - Bild 1: 0 Barcode(s) erkannt
2026-01-24 14:47:22,035 - __main__ - INFO - Bild 1: Keine Barcodes erkannt
2026-01-24 14:47:22,037 - __main__ - INFO - Analysiere Bild 2 (right_Bild) auf Barcodes...
2026-01-24 14:47:22,225 - workers.BarCode_v02 - INFO - Bild 2: 0 Barcode(s) erkannt
2026-01-24 14:47:22,226 - __main__ - INFO - Bild 2: Keine Barcodes erkannt
2026-01-24 14:47:22,226 - __main__ - INFO - Analysiere Bild 3 (behind_Bild) auf Barcodes...
2026-01-24 14:47:22,419 - workers.BarCode_v02 - INFO - Bild 3: 0 Barcode(s) erkannt
2026-01-24 14:47:22,420 - __main__ - INFO - Bild 3: Keine Barcodes erkannt
2026-01-24 14:47:22,420 - __main__ - INFO - Insgesamt 0 Barcodes in 4 Bildern erkannt
2026-01-24 14:47:22,426 - __main__ - INFO - Alle Tasks fertig
2026-01-24 14:47:29,642 - __main__ - INFO - go_next: Aktuelle Seite 2, scan_start=False
2026-01-24 14:48:09,395 - __main__ - INFO - go_back: Aktuelle Seite 3, scan_start=False
2026-01-24 14:48:12,212 - __main__ - INFO - go_back: Aktuelle Seite 2, scan_start=False
2026-01-24 14:48:12,212 - __main__ - INFO - Zurück zur Foto-Auswahl: scan_start=True gesetzt
2026-01-24 14:48:12,703 - __main__ - INFO - go_back: Aktuelle Seite 1, scan_start=True
2026-01-24 14:48:15,285 - __main__ - INFO - Wiederhole Bild 2
2026-01-24 14:48:16,224 - __main__ - INFO - Bild erfolgreich von Kamera 1 aufgenommen
2026-01-24 14:48:16,234 - __main__ - INFO - Wiederhole Bild 2
2026-01-24 14:48:16,927 - __main__ - INFO - Bild erfolgreich von Kamera 1 aufgenommen
2026-01-24 14:48:16,933 - __main__ - INFO - Wiederhole Bild 2
2026-01-24 14:48:17,627 - __main__ - INFO - Bild erfolgreich von Kamera 1 aufgenommen
2026-01-24 14:48:17,852 - __main__ - INFO - Wiederhole Bild 3
2026-01-24 14:48:18,673 - __main__ - INFO - Bild erfolgreich von Kamera 2 aufgenommen
2026-01-24 14:48:20,606 - __main__ - INFO - go_next: Aktuelle Seite 1, scan_start=True
2026-01-24 14:48:20,613 - __main__ - INFO - BoundingBox_Yolo03 erfolgreich importiert
2026-01-24 14:48:20,613 - __main__ - INFO - Verarbeite Bild 0 für YOLO-Erkennung
2026-01-24 14:48:20,651 - __main__ - ERROR - Gewichtsmodul nicht verfügbar: No module named 'board'
2026-01-24 14:48:20,680 - __main__ - INFO - Ergebnis von weight erhalten: Typ=<class 'str'>
2026-01-24 14:48:20,696 - __main__ - INFO - Gewicht: Undefiniert
2026-01-24 14:48:20,706 - __main__ - INFO - YOLO-Frames vorhanden - aktualisiere Bilder in GUI
2026-01-24 14:48:21,045 - workers.BarCode_v02 - INFO - YOLO-Modell geladen von models/YOLOV8s_Barcode_Detection.pt
2026-01-24 14:48:21,046 - __main__ - INFO - Analysiere Bild 0 (iso_Bild) auf Barcodes...
2026-01-24 14:48:23,188 - __main__ - WARNING - Bild 0: Keine Boxen erkannt
2026-01-24 14:48:23,189 - __main__ - INFO - Verarbeite Bild 1 für YOLO-Erkennung
2026-01-24 14:48:25,550 - __main__ - INFO - Bild 1: YOLO erkannt - 259 x 313
2026-01-24 14:48:25,552 - __main__ - INFO - Verarbeite Bild 2 für YOLO-Erkennung
2026-01-24 14:48:27,907 - __main__ - INFO - Bild 2: YOLO erkannt - 258 x 357
2026-01-24 14:48:27,908 - __main__ - INFO - Verarbeite Bild 3 für YOLO-Erkennung
2026-01-24 14:48:30,288 - __main__ - INFO - Bild 3: YOLO erkannt - 70 x 192
2026-01-24 14:48:30,289 - __main__ - INFO - YOLO-Erkennung abgeschlossen. Dimensionen: ['0 x 0', '259 x 313', '258 x 357', '70 x 192']
2026-01-24 14:48:30,290 - __main__ - INFO - Ergebnis von Abmessung erhalten: Typ=<class 'list'>
2026-01-24 14:48:30,290 - __main__ - INFO - Abmessungen erhalten: ['0 x 0', '259 x 313', '258 x 357', '70 x 192']
2026-01-24 14:48:30,291 - __main__ - INFO - Gesamt-Abmessung berechnet: 259 x 259 x 313
2026-01-24 14:48:30,291 - __main__ - INFO - YOLO-Frames vorhanden - aktualisiere Bilder in GUI
2026-01-24 14:48:30,426 - __main__ - INFO - Ergebnis von yolo_frames erhalten: Typ=<class 'list'>
2026-01-24 14:48:30,426 - __main__ - INFO - Erhalte 4 annotierte Frames
2026-01-24 14:48:30,427 - __main__ - INFO - YOLO-Frames vorhanden - aktualisiere Bilder in GUI
2026-01-24 14:49:04,688 - workers.BarCode_v02 - INFO - Bild 0: 0 Barcode(s) erkannt
2026-01-24 14:49:04,688 - __main__ - INFO - Bild 0: Keine Barcodes erkannt
2026-01-24 14:49:04,689 - __main__ - INFO - Analysiere Bild 1 (top_Bild) auf Barcodes...
2026-01-24 14:49:05,061 - workers.BarCode_v02 - INFO - Bild 1: 0 Barcode(s) erkannt
2026-01-24 14:49:05,061 - __main__ - INFO - Bild 1: Keine Barcodes erkannt
2026-01-24 14:49:05,062 - __main__ - INFO - Analysiere Bild 2 (right_Bild) auf Barcodes...
2026-01-24 14:49:05,260 - workers.BarCode_v02 - INFO - Bild 2: 0 Barcode(s) erkannt
2026-01-24 14:49:05,261 - __main__ - INFO - Bild 2: Keine Barcodes erkannt
2026-01-24 14:49:05,261 - __main__ - INFO - Analysiere Bild 3 (behind_Bild) auf Barcodes...
2026-01-24 14:49:05,450 - workers.BarCode_v02 - INFO - Bild 3: 0 Barcode(s) erkannt
2026-01-24 14:49:05,450 - __main__ - INFO - Bild 3: Keine Barcodes erkannt
2026-01-24 14:49:05,451 - __main__ - INFO - Insgesamt 0 Barcodes in 4 Bildern erkannt
2026-01-24 14:49:05,452 - __main__ - INFO - Alle Tasks fertig
2026-01-24 14:49:09,936 - __main__ - INFO - go_next: Aktuelle Seite 2, scan_start=False
2026-01-24 14:49:12,272 - __main__ - INFO - go_back: Aktuelle Seite 3, scan_start=False
2026-01-24 14:49:14,942 - __main__ - INFO - go_back: Aktuelle Seite 2, scan_start=False
2026-01-24 14:49:14,943 - __main__ - INFO - Zurück zur Foto-Auswahl: scan_start=True gesetzt
2026-01-24 14:50:10,561 - __main__ - INFO - Wiederhole Bild 3
2026-01-24 14:50:11,494 - __main__ - INFO - Bild erfolgreich von Kamera 2 aufgenommen
2026-01-24 14:50:13,096 - __main__ - INFO - Wiederhole Bild 2
2026-01-24 14:50:13,892 - __main__ - INFO - Bild erfolgreich von Kamera 1 aufgenommen
2026-01-24 14:50:22,308 - __main__ - INFO - Wiederhole Bild 2
2026-01-24 14:50:23,110 - __main__ - INFO - Bild erfolgreich von Kamera 1 aufgenommen
2026-01-24 14:50:23,926 - __main__ - INFO - Wiederhole Bild 2
2026-01-24 14:50:24,730 - __main__ - INFO - Bild erfolgreich von Kamera 1 aufgenommen
2026-01-24 14:50:25,314 - __main__ - INFO - Wiederhole Bild 2
2026-01-24 14:50:26,142 - __main__ - INFO - Bild erfolgreich von Kamera 1 aufgenommen
2026-01-24 14:50:26,747 - __main__ - INFO - Wiederhole Bild 2
2026-01-24 14:50:27,571 - __main__ - INFO - Bild erfolgreich von Kamera 1 aufgenommen
2026-01-24 14:50:28,946 - __main__ - INFO - Wiederhole Bild 2
2026-01-24 14:50:29,772 - __main__ - INFO - Bild erfolgreich von Kamera 1 aufgenommen
2026-01-24 14:50:30,447 - __main__ - INFO - Wiederhole Bild 2
2026-01-24 14:50:31,273 - __main__ - INFO - Bild erfolgreich von Kamera 1 aufgenommen
2026-01-24 14:50:32,762 - __main__ - INFO - Wiederhole Bild 2
2026-01-24 14:50:33,605 - __main__ - INFO - Bild erfolgreich von Kamera 1 aufgenommen
2026-01-24 14:50:36,227 - __main__ - INFO - go_next: Aktuelle Seite 1, scan_start=True
2026-01-24 14:50:36,236 - __main__ - INFO - BoundingBox_Yolo03 erfolgreich importiert
2026-01-24 14:50:36,238 - __main__ - INFO - Verarbeite Bild 0 für YOLO-Erkennung
2026-01-24 14:50:36,281 - __main__ - ERROR - Gewichtsmodul nicht verfügbar: No module named 'board'
2026-01-24 14:50:36,298 - __main__ - INFO - Ergebnis von weight erhalten: Typ=<class 'str'>
2026-01-24 14:50:36,432 - __main__ - INFO - Gewicht: Undefiniert
2026-01-24 14:50:36,433 - __main__ - INFO - YOLO-Frames vorhanden - aktualisiere Bilder in GUI
2026-01-24 14:50:36,673 - workers.BarCode_v02 - INFO - YOLO-Modell geladen von models/YOLOV8s_Barcode_Detection.pt
2026-01-24 14:50:36,675 - __main__ - INFO - Analysiere Bild 0 (iso_Bild) auf Barcodes...
2026-01-24 14:50:38,857 - __main__ - WARNING - Bild 0: Keine Boxen erkannt
2026-01-24 14:50:38,857 - __main__ - INFO - Verarbeite Bild 1 für YOLO-Erkennung
2026-01-24 14:50:41,193 - __main__ - INFO - Bild 1: YOLO erkannt - 321 x 317
2026-01-24 14:50:41,194 - __main__ - INFO - Verarbeite Bild 2 für YOLO-Erkennung
2026-01-24 14:50:43,544 - __main__ - WARNING - Bild 2: Keine Boxen erkannt
2026-01-24 14:50:43,544 - __main__ - INFO - Verarbeite Bild 3 für YOLO-Erkennung
2026-01-24 14:50:45,914 - __main__ - INFO - Bild 3: YOLO erkannt - 70 x 192
2026-01-24 14:50:45,915 - __main__ - INFO - YOLO-Erkennung abgeschlossen. Dimensionen: ['0 x 0', '321 x 317', '0 x 0', '70 x 192']
2026-01-24 14:50:45,916 - __main__ - INFO - Ergebnis von Abmessung erhalten: Typ=<class 'list'>
2026-01-24 14:50:45,916 - __main__ - INFO - Abmessungen erhalten: ['0 x 0', '321 x 317', '0 x 0', '70 x 192']
2026-01-24 14:50:45,917 - __main__ - INFO - Gesamt-Abmessung berechnet: 321 x 321 x 317
2026-01-24 14:50:45,917 - __main__ - INFO - YOLO-Frames vorhanden - aktualisiere Bilder in GUI
2026-01-24 14:50:46,067 - __main__ - INFO - Ergebnis von yolo_frames erhalten: Typ=<class 'list'>
2026-01-24 14:50:46,068 - __main__ - INFO - Erhalte 4 annotierte Frames
2026-01-24 14:50:46,068 - __main__ - INFO - YOLO-Frames vorhanden - aktualisiere Bilder in GUI
2026-01-24 14:51:22,942 - workers.BarCode_v02 - INFO - Bild 0: 0 Barcode(s) erkannt
2026-01-24 14:51:22,943 - __main__ - INFO - Bild 0: Keine Barcodes erkannt
2026-01-24 14:51:22,943 - __main__ - INFO - Analysiere Bild 1 (top_Bild) auf Barcodes...
2026-01-24 14:51:23,208 - workers.BarCode_v02 - INFO - Bild 1: 0 Barcode(s) erkannt
2026-01-24 14:51:23,208 - __main__ - INFO - Bild 1: Keine Barcodes erkannt
2026-01-24 14:51:23,208 - __main__ - INFO - Analysiere Bild 2 (right_Bild) auf Barcodes...
2026-01-24 14:51:23,386 - workers.BarCode_v02 - INFO - Bild 2: 0 Barcode(s) erkannt
2026-01-24 14:51:23,387 - __main__ - INFO - Bild 2: Keine Barcodes erkannt
2026-01-24 14:51:23,387 - __main__ - INFO - Analysiere Bild 3 (behind_Bild) auf Barcodes...
2026-01-24 14:51:23,562 - workers.BarCode_v02 - INFO - Bild 3: 0 Barcode(s) erkannt
2026-01-24 14:51:23,563 - __main__ - INFO - Bild 3: Keine Barcodes erkannt
2026-01-24 14:51:23,563 - __main__ - INFO - Insgesamt 0 Barcodes in 4 Bildern erkannt
2026-01-24 14:51:23,565 - __main__ - INFO - Alle Tasks fertig
2026-01-24 14:51:36,143 - __main__ - INFO - go_next: Aktuelle Seite 2, scan_start=False
2026-01-24 14:51:40,208 - __main__ - INFO - go_back: Aktuelle Seite 3, scan_start=False
2026-01-24 14:51:46,022 - __main__ - INFO - go_next: Aktuelle Seite 2, scan_start=False
2026-01-24 14:51:46,661 - __main__ - INFO - go_back: Aktuelle Seite 3, scan_start=False
2026-01-24 14:52:21,433 - __main__ - INFO - go_back: Aktuelle Seite 2, scan_start=False
2026-01-24 14:52:21,434 - __main__ - INFO - Zurück zur Foto-Auswahl: scan_start=True gesetzt
2026-01-24 14:52:31,006 - __main__ - INFO - Wiederhole Bild 2
2026-01-24 14:52:31,970 - __main__ - INFO - Bild erfolgreich von Kamera 1 aufgenommen
2026-01-24 14:52:31,978 - __main__ - INFO - Wiederhole Bild 2
2026-01-24 14:52:32,673 - __main__ - INFO - Bild erfolgreich von Kamera 1 aufgenommen
2026-01-24 14:52:37,011 - __main__ - INFO - go_next: Aktuelle Seite 1, scan_start=True
2026-01-24 14:52:37,019 - __main__ - INFO - BoundingBox_Yolo03 erfolgreich importiert
2026-01-24 14:52:37,019 - __main__ - INFO - Verarbeite Bild 0 für YOLO-Erkennung
2026-01-24 14:52:37,064 - __main__ - ERROR - Gewichtsmodul nicht verfügbar: No module named 'board'
2026-01-24 14:52:37,082 - __main__ - INFO - Ergebnis von weight erhalten: Typ=<class 'str'>
2026-01-24 14:52:37,082 - __main__ - INFO - Gewicht: Undefiniert
2026-01-24 14:52:37,083 - __main__ - INFO - YOLO-Frames vorhanden - aktualisiere Bilder in GUI
2026-01-24 14:52:37,535 - workers.BarCode_v02 - INFO - YOLO-Modell geladen von models/YOLOV8s_Barcode_Detection.pt
2026-01-24 14:52:37,536 - __main__ - INFO - Analysiere Bild 0 (iso_Bild) auf Barcodes...
2026-01-24 14:52:39,768 - __main__ - WARNING - Bild 0: Keine Boxen erkannt
2026-01-24 14:52:39,769 - __main__ - INFO - Verarbeite Bild 1 für YOLO-Erkennung
2026-01-24 14:52:42,497 - __main__ - WARNING - Bild 1: Keine Boxen erkannt
2026-01-24 14:52:42,498 - __main__ - INFO - Verarbeite Bild 2 für YOLO-Erkennung
2026-01-24 14:52:45,058 - __main__ - WARNING - Bild 2: Keine Boxen erkannt
2026-01-24 14:52:45,058 - __main__ - INFO - Verarbeite Bild 3 für YOLO-Erkennung
2026-01-24 14:52:47,543 - __main__ - INFO - Bild 3: YOLO erkannt - 70 x 192
2026-01-24 14:52:47,544 - __main__ - INFO - YOLO-Erkennung abgeschlossen. Dimensionen: ['0 x 0', '0 x 0', '0 x 0', '70 x 192']
2026-01-24 14:52:47,545 - __main__ - INFO - Ergebnis von Abmessung erhalten: Typ=<class 'list'>
2026-01-24 14:52:47,545 - __main__ - INFO - Abmessungen erhalten: ['0 x 0', '0 x 0', '0 x 0', '70 x 192']
2026-01-24 14:52:47,546 - __main__ - INFO - Gesamt-Abmessung berechnet: 70 x 70 x 192
2026-01-24 14:52:47,546 - __main__ - INFO - YOLO-Frames vorhanden - aktualisiere Bilder in GUI
2026-01-24 14:52:47,690 - __main__ - INFO - Ergebnis von yolo_frames erhalten: Typ=<class 'list'>
2026-01-24 14:52:47,691 - __main__ - INFO - Erhalte 4 annotierte Frames
2026-01-24 14:52:47,691 - __main__ - INFO - YOLO-Frames vorhanden - aktualisiere Bilder in GUI
2026-01-24 14:53:19,436 - workers.BarCode_v02 - INFO - Bild 0: 0 Barcode(s) erkannt
2026-01-24 14:53:19,437 - __main__ - INFO - Bild 0: Keine Barcodes erkannt
2026-01-24 14:53:19,437 - __main__ - INFO - Analysiere Bild 1 (top_Bild) auf Barcodes...
2026-01-24 14:53:29,800 - workers.BarCode_v02 - INFO - Bild 1: 0 Barcode(s) erkannt
2026-01-24 14:53:29,800 - __main__ - INFO - Bild 1: Keine Barcodes erkannt
2026-01-24 14:53:29,801 - __main__ - INFO - Analysiere Bild 2 (right_Bild) auf Barcodes...
2026-01-24 14:53:30,038 - workers.BarCode_v02 - INFO - Bild 2: 0 Barcode(s) erkannt
2026-01-24 14:53:30,039 - __main__ - INFO - Bild 2: Keine Barcodes erkannt
2026-01-24 14:53:30,039 - __main__ - INFO - Analysiere Bild 3 (behind_Bild) auf Barcodes...
2026-01-24 14:53:30,249 - workers.BarCode_v02 - INFO - Bild 3: 0 Barcode(s) erkannt
2026-01-24 14:53:30,250 - __main__ - INFO - Bild 3: Keine Barcodes erkannt
2026-01-24 14:53:30,251 - __main__ - INFO - Insgesamt 0 Barcodes in 4 Bildern erkannt
2026-01-24 14:53:30,256 - __main__ - INFO - Alle Tasks fertig
2026-01-24 14:53:34,629 - __main__ - INFO - go_next: Aktuelle Seite 2, scan_start=False
2026-01-24 14:54:10,439 - __main__ - INFO - go_back: Aktuelle Seite 3, scan_start=False
2026-01-24 14:54:11,071 - __main__ - INFO - go_back: Aktuelle Seite 2, scan_start=False
2026-01-24 14:54:11,071 - __main__ - INFO - Zurück zur Foto-Auswahl: scan_start=True gesetzt
2026-01-24 14:54:12,821 - __main__ - INFO - Wiederhole Bild 2
2026-01-24 14:54:13,889 - __main__ - INFO - Bild erfolgreich von Kamera 1 aufgenommen
2026-01-24 14:54:20,670 - __main__ - INFO - Wiederhole Bild 2
2026-01-24 14:54:21,571 - __main__ - INFO - Bild erfolgreich von Kamera 1 aufgenommen
2026-01-24 14:54:24,935 - __main__ - INFO - Wiederhole Bild 2
2026-01-24 14:54:25,822 - __main__ - INFO - Bild erfolgreich von Kamera 1 aufgenommen
2026-01-24 14:54:31,152 - __main__ - INFO - Verworfen Bild 1
2026-01-24 14:54:32,646 - __main__ - INFO - go_next: Aktuelle Seite 1, scan_start=True
2026-01-24 14:54:32,656 - __main__ - INFO - BoundingBox_Yolo03 erfolgreich importiert
2026-01-24 14:54:32,656 - __main__ - INFO - Bild 0 ist None - überspringe YOLO-Verarbeitung
2026-01-24 14:54:32,659 - __main__ - INFO - Verarbeite Bild 1 für YOLO-Erkennung
2026-01-24 14:54:32,702 - __main__ - ERROR - Gewichtsmodul nicht verfügbar: No module named 'board'
2026-01-24 14:54:32,742 - __main__ - INFO - Ergebnis von weight erhalten: Typ=<class 'str'>
2026-01-24 14:54:32,762 - __main__ - INFO - Gewicht: Undefiniert
2026-01-24 14:54:32,763 - __main__ - INFO - YOLO-Frames vorhanden - aktualisiere Bilder in GUI
2026-01-24 14:54:33,135 - workers.BarCode_v02 - INFO - YOLO-Modell geladen von models/YOLOV8s_Barcode_Detection.pt
2026-01-24 14:54:33,138 - __main__ - INFO - Bild 0 ist None - überspringe Barcode-Erkennung
2026-01-24 14:54:33,139 - __main__ - INFO - Analysiere Bild 1 (top_Bild) auf Barcodes...
2026-01-24 14:54:33,933 - workers.BarCode_v02 - INFO - Barcode erkannt in Bild 1: 1234567890128 (Typ: EAN13)
2026-01-24 14:54:34,004 - workers.BarCode_v02 - INFO - Barcode erkannt in Bild 1: 1234567890128 (Typ: EAN13)
2026-01-24 14:54:34,024 - workers.BarCode_v02 - INFO - Bild 1: 2 Barcode(s) erkannt
2026-01-24 14:54:34,028 - __main__ - INFO - Bild 1: 2 Barcode(s) erkannt
2026-01-24 14:54:34,030 - __main__ - INFO - Analysiere Bild 2 (right_Bild) auf Barcodes...
2026-01-24 14:54:34,600 - workers.BarCode_v02 - INFO - Bild 2: 0 Barcode(s) erkannt
2026-01-24 14:54:34,602 - __main__ - INFO - Bild 2: Keine Barcodes erkannt
2026-01-24 14:54:34,603 - __main__ - INFO - Analysiere Bild 3 (behind_Bild) auf Barcodes...
2026-01-24 14:54:35,009 - workers.BarCode_v02 - INFO - Bild 3: 0 Barcode(s) erkannt
2026-01-24 14:54:35,011 - __main__ - INFO - Bild 3: Keine Barcodes erkannt
2026-01-24 14:54:35,012 - __main__ - INFO - Insgesamt 2 Barcodes in 4 Bildern erkannt
2026-01-24 14:54:35,013 - __main__ - INFO - Ergebnis von barcode erhalten: Typ=<class 'dict'>
2026-01-24 14:54:35,032 - __main__ - INFO - Barcode-Daten empfangen: {'found': True, 'value': '1234567890128', 'type': 'EAN13', 'image_index': 1, 'cropped_image': array([[[ 93, 146, 118],
        [101, 154, 126],
        [ 91, 155, 118],
        ...,
        [109, 175, 128],
        [113, 174, 129],
        [113, 174, 129]],

       [[103, 156, 128],
        [103, 156, 128],
        [ 94, 158, 121],
        ...,
        [109, 175, 128],
        [109, 175, 128],
        [109, 175, 128]],

       [[103, 157, 124],
        [101, 155, 122],
        [ 94, 158, 121],
        ...,
        [109, 175, 128],
        [110, 176, 129],
        [107, 173, 126]],

       ...,

       [[132, 202, 168],
        [107, 177, 143],
        [ 56, 125, 102],
        ...,
        [147, 218, 179],
        [146, 217, 178],
        [147, 218, 179]],

       [[133, 203, 169],
        [111, 181, 147],
        [ 58, 128,  98],
        ...,
        [146, 217, 178],
        [146, 217, 178],
        [147, 218, 179]],

       [[134, 204, 170],
        [112, 182, 148],
        [ 63, 126,  98],
        ...,
        [146, 217, 178],
        [148, 219, 180],
        [148, 219, 180]]], shape=(308, 416, 3), dtype=uint8)}
2026-01-24 14:54:35,035 - __main__ - INFO - Barcode gespeichert: 1234567890128
2026-01-24 14:54:35,040 - __main__ - INFO - YOLO-Frames vorhanden - aktualisiere Bilder in GUI
2026-01-24 14:54:35,213 - __main__ - INFO - Ergebnis von barcode erhalten: Typ=<class 'dict'>
2026-01-24 14:54:35,216 - __main__ - INFO - Barcode-Daten empfangen: {'found': True, 'value': '1234567890128', 'type': 'EAN13', 'image_index': 1, 'cropped_image': array([[[ 92, 156, 119],
        [ 86, 157, 118],
        [ 87, 158, 119],
        ...,
        [108, 181, 132],
        [107, 180, 131],
        [113, 178, 136]],

       [[ 91, 155, 118],
        [ 87, 158, 119],
        [ 89, 160, 121],
        ...,
        [108, 181, 132],
        [107, 180, 131],
        [107, 180, 131]],

       [[ 95, 159, 122],
        [ 90, 161, 122],
        [ 90, 161, 122],
        ...,
        [108, 181, 132],
        [108, 181, 132],
        [107, 180, 131]],

       ...,

       [[139, 215, 174],
        [142, 212, 178],
        [143, 213, 179],
        ...,
        [154, 225, 186],
        [154, 225, 186],
        [153, 224, 185]],

       [[143, 214, 175],
        [144, 214, 180],
        [143, 213, 179],
        ...,
        [153, 224, 185],
        [154, 225, 186],
        [158, 222, 185]],

       [[143, 214, 175],
        [146, 216, 182],
        [144, 214, 180],
        ...,
        [159, 223, 186],
        [159, 223, 186],
        [159, 223, 186]]], shape=(200, 400, 3), dtype=uint8)}
2026-01-24 14:54:35,217 - __main__ - INFO - Barcode gespeichert: 1234567890128
2026-01-24 14:54:35,217 - __main__ - INFO - YOLO-Frames vorhanden - aktualisiere Bilder in GUI
2026-01-24 14:54:35,702 - __main__ - INFO - Bild 1: YOLO erkannt - 309 x 304
2026-01-24 14:54:35,704 - __main__ - INFO - Verarbeite Bild 2 für YOLO-Erkennung
2026-01-24 14:54:38,576 - __main__ - WARNING - Bild 2: Keine Boxen erkannt
2026-01-24 14:54:38,576 - __main__ - INFO - Verarbeite Bild 3 für YOLO-Erkennung
2026-01-24 14:54:41,404 - __main__ - INFO - Bild 3: YOLO erkannt - 70 x 192
2026-01-24 14:54:41,405 - __main__ - INFO - YOLO-Erkennung abgeschlossen. Dimensionen: ['0 x 0', '309 x 304', '0 x 0', '70 x 192']
2026-01-24 14:54:41,405 - __main__ - INFO - Ergebnis von Abmessung erhalten: Typ=<class 'list'>
2026-01-24 14:54:41,406 - __main__ - INFO - Abmessungen erhalten: ['0 x 0', '309 x 304', '0 x 0', '70 x 192']
2026-01-24 14:54:41,406 - __main__ - INFO - Gesamt-Abmessung berechnet: 309 x 309 x 304
2026-01-24 14:54:41,407 - __main__ - INFO - YOLO-Frames vorhanden - aktualisiere Bilder in GUI
2026-01-24 14:54:41,534 - __main__ - INFO - Ergebnis von yolo_frames erhalten: Typ=<class 'list'>
2026-01-24 14:54:41,535 - __main__ - INFO - Erhalte 4 annotierte Frames
2026-01-24 14:54:41,535 - __main__ - INFO - YOLO-Frames vorhanden - aktualisiere Bilder in GUI
2026-01-24 14:54:41,651 - __main__ - INFO - Alle Tasks fertig
2026-01-24 14:54:46,789 - __main__ - INFO - go_next: Aktuelle Seite 2, scan_start=False
2026-01-24 14:55:01,831 - __main__ - INFO - go_back: Aktuelle Seite 3, scan_start=False
2026-01-24 14:55:02,503 - __main__ - INFO - go_back: Aktuelle Seite 2, scan_start=False
2026-01-24 14:55:02,503 - __main__ - INFO - Zurück zur Foto-Auswahl: scan_start=True gesetzt
2026-01-24 14:55:07,979 - __main__ - INFO - Wiederhole Bild 2
2026-01-24 14:55:08,982 - __main__ - INFO - Bild erfolgreich von Kamera 1 aufgenommen
2026-01-24 14:55:11,495 - __main__ - INFO - go_next: Aktuelle Seite 1, scan_start=True
2026-01-24 14:55:11,501 - __main__ - INFO - BoundingBox_Yolo03 erfolgreich importiert
2026-01-24 14:55:11,504 - __main__ - INFO - Bild 0 ist None - überspringe YOLO-Verarbeitung
2026-01-24 14:55:11,505 - __main__ - INFO - Verarbeite Bild 1 für YOLO-Erkennung
2026-01-24 14:55:11,545 - __main__ - ERROR - Gewichtsmodul nicht verfügbar: No module named 'board'
2026-01-24 14:55:11,568 - __main__ - INFO - Ergebnis von weight erhalten: Typ=<class 'str'>
2026-01-24 14:55:11,618 - __main__ - INFO - Gewicht: Undefiniert
2026-01-24 14:55:11,652 - __main__ - INFO - YOLO-Frames vorhanden - aktualisiere Bilder in GUI
2026-01-24 14:55:11,877 - workers.BarCode_v02 - INFO - YOLO-Modell geladen von models/YOLOV8s_Barcode_Detection.pt
2026-01-24 14:55:11,877 - __main__ - INFO - Bild 0 ist None - überspringe Barcode-Erkennung
2026-01-24 14:55:11,880 - __main__ - INFO - Analysiere Bild 1 (top_Bild) auf Barcodes...
2026-01-24 14:55:13,660 - workers.BarCode_v02 - INFO - Barcode erkannt in Bild 1: 1234567890128 (Typ: EAN13)
2026-01-24 14:55:13,662 - workers.BarCode_v02 - INFO - Bild 1: 1 Barcode(s) erkannt
2026-01-24 14:55:13,662 - __main__ - INFO - Bild 1: 1 Barcode(s) erkannt
2026-01-24 14:55:13,663 - __main__ - INFO - Analysiere Bild 2 (right_Bild) auf Barcodes...
2026-01-24 14:55:14,082 - workers.BarCode_v02 - INFO - Bild 2: 0 Barcode(s) erkannt
2026-01-24 14:55:14,083 - __main__ - INFO - Bild 2: Keine Barcodes erkannt
2026-01-24 14:55:14,083 - __main__ - INFO - Analysiere Bild 3 (behind_Bild) auf Barcodes...
2026-01-24 14:55:14,444 - workers.BarCode_v02 - INFO - Bild 3: 0 Barcode(s) erkannt
2026-01-24 14:55:14,450 - __main__ - INFO - Bild 3: Keine Barcodes erkannt
2026-01-24 14:55:14,451 - __main__ - INFO - Insgesamt 1 Barcodes in 4 Bildern erkannt
2026-01-24 14:55:14,457 - __main__ - INFO - Ergebnis von barcode erhalten: Typ=<class 'dict'>
2026-01-24 14:55:14,460 - __main__ - INFO - Barcode-Daten empfangen: {'found': True, 'value': '1234567890128', 'type': 'EAN13', 'image_index': 1, 'cropped_image': array([[[157, 217, 177],
        [157, 217, 177],
        [157, 217, 177],
        ...,
        [161, 216, 178],
        [160, 215, 177],
        [161, 216, 178]],

       [[157, 217, 177],
        [157, 217, 177],
        [157, 217, 177],
        ...,
        [161, 216, 178],
        [161, 216, 178],
        [161, 217, 174]],

       [[157, 217, 177],
        [158, 218, 178],
        [158, 218, 178],
        ...,
        [160, 215, 177],
        [161, 216, 178],
        [160, 215, 177]],

       ...,

       [[ 30,  78,  51],
        [ 34,  82,  55],
        [ 37,  80,  55],
        ...,
        [158, 217, 182],
        [159, 218, 183],
        [158, 217, 182]],

       [[ 25,  68,  47],
        [ 27,  70,  49],
        [ 34,  77,  56],
        ...,
        [158, 217, 182],
        [157, 216, 181],
        [158, 217, 182]],

       [[ 86, 134, 107],
        [ 36,  84,  57],
        [ 33,  76,  55],
        ...,
        [158, 217, 182],
        [157, 216, 181],
        [157, 216, 181]]], shape=(154, 153, 3), dtype=uint8)}
2026-01-24 14:55:14,464 - __main__ - INFO - Barcode gespeichert: 1234567890128
2026-01-24 14:55:14,465 - __main__ - INFO - YOLO-Frames vorhanden - aktualisiere Bilder in GUI
2026-01-24 14:55:14,652 - __main__ - INFO - Bild 1: YOLO erkannt - 246 x 302
2026-01-24 14:55:14,654 - __main__ - INFO - Verarbeite Bild 2 für YOLO-Erkennung
2026-01-24 14:55:17,514 - __main__ - WARNING - Bild 2: Keine Boxen erkannt
2026-01-24 14:55:17,514 - __main__ - INFO - Verarbeite Bild 3 für YOLO-Erkennung
2026-01-24 14:55:20,414 - __main__ - INFO - Bild 3: YOLO erkannt - 70 x 192
2026-01-24 14:55:20,415 - __main__ - INFO - YOLO-Erkennung abgeschlossen. Dimensionen: ['0 x 0', '246 x 302', '0 x 0', '70 x 192']
2026-01-24 14:55:20,416 - __main__ - INFO - Ergebnis von Abmessung erhalten: Typ=<class 'list'>
2026-01-24 14:55:20,419 - __main__ - INFO - Abmessungen erhalten: ['0 x 0', '246 x 302', '0 x 0', '70 x 192']
2026-01-24 14:55:20,422 - __main__ - INFO - Gesamt-Abmessung berechnet: 246 x 246 x 302
2026-01-24 14:55:20,423 - __main__ - INFO - YOLO-Frames vorhanden - aktualisiere Bilder in GUI
2026-01-24 14:55:20,562 - __main__ - INFO - Ergebnis von yolo_frames erhalten: Typ=<class 'list'>
2026-01-24 14:55:20,563 - __main__ - INFO - Erhalte 4 annotierte Frames
2026-01-24 14:55:20,563 - __main__ - INFO - YOLO-Frames vorhanden - aktualisiere Bilder in GUI
2026-01-24 14:55:20,681 - __main__ - INFO - Alle Tasks fertig
2026-01-24 14:55:23,839 - __main__ - INFO - go_next: Aktuelle Seite 2, scan_start=False
2026-01-24 14:55:49,582 - __main__ - INFO - go_back: Aktuelle Seite 3, scan_start=False
2026-01-24 14:55:50,142 - __main__ - INFO - go_back: Aktuelle Seite 2, scan_start=False
2026-01-24 14:55:50,143 - __main__ - INFO - Zurück zur Foto-Auswahl: scan_start=True gesetzt
2026-01-24 14:55:51,856 - __main__ - INFO - Wiederhole Bild 2
2026-01-24 14:55:52,844 - __main__ - INFO - Bild erfolgreich von Kamera 1 aufgenommen
2026-01-24 14:55:54,265 - __main__ - INFO - Wiederhole Bild 2
2026-01-24 14:55:55,167 - __main__ - INFO - Bild erfolgreich von Kamera 1 aufgenommen
2026-01-24 14:55:56,971 - __main__ - INFO - go_next: Aktuelle Seite 1, scan_start=True
2026-01-24 14:55:56,978 - __main__ - INFO - BoundingBox_Yolo03 erfolgreich importiert
2026-01-24 14:55:56,981 - __main__ - INFO - Bild 0 ist None - überspringe YOLO-Verarbeitung
2026-01-24 14:55:56,981 - __main__ - INFO - Verarbeite Bild 1 für YOLO-Erkennung
2026-01-24 14:55:57,020 - __main__ - ERROR - Gewichtsmodul nicht verfügbar: No module named 'board'
2026-01-24 14:55:57,044 - __main__ - INFO - Ergebnis von weight erhalten: Typ=<class 'str'>
2026-01-24 14:55:57,067 - __main__ - INFO - Gewicht: Undefiniert
2026-01-24 14:55:57,084 - __main__ - INFO - YOLO-Frames vorhanden - aktualisiere Bilder in GUI
2026-01-24 14:55:57,490 - workers.BarCode_v02 - INFO - YOLO-Modell geladen von models/YOLOV8s_Barcode_Detection.pt
2026-01-24 14:55:57,494 - __main__ - INFO - Bild 0 ist None - überspringe Barcode-Erkennung
2026-01-24 14:55:57,495 - __main__ - INFO - Analysiere Bild 1 (top_Bild) auf Barcodes...
2026-01-24 14:55:58,261 - workers.BarCode_v02 - INFO - Bild 1: 0 Barcode(s) erkannt
2026-01-24 14:55:58,263 - __main__ - INFO - Bild 1: Keine Barcodes erkannt
2026-01-24 14:55:58,264 - __main__ - INFO - Analysiere Bild 2 (right_Bild) auf Barcodes...
2026-01-24 14:55:58,915 - workers.BarCode_v02 - INFO - Bild 2: 0 Barcode(s) erkannt
2026-01-24 14:55:58,928 - __main__ - INFO - Bild 2: Keine Barcodes erkannt
2026-01-24 14:55:58,929 - __main__ - INFO - Analysiere Bild 3 (behind_Bild) auf Barcodes...
2026-01-24 14:55:59,423 - workers.BarCode_v02 - INFO - Bild 3: 0 Barcode(s) erkannt
2026-01-24 14:55:59,426 - __main__ - INFO - Bild 3: Keine Barcodes erkannt
2026-01-24 14:55:59,429 - __main__ - INFO - Insgesamt 0 Barcodes in 4 Bildern erkannt
2026-01-24 14:55:59,989 - __main__ - WARNING - Bild 1: Keine Boxen erkannt
2026-01-24 14:55:59,990 - __main__ - INFO - Verarbeite Bild 2 für YOLO-Erkennung
2026-01-24 14:56:02,944 - __main__ - WARNING - Bild 2: Keine Boxen erkannt
2026-01-24 14:56:02,945 - __main__ - INFO - Verarbeite Bild 3 für YOLO-Erkennung
2026-01-24 14:56:05,827 - __main__ - INFO - Bild 3: YOLO erkannt - 70 x 192
2026-01-24 14:56:05,828 - __main__ - INFO - YOLO-Erkennung abgeschlossen. Dimensionen: ['0 x 0', '0 x 0', '0 x 0', '70 x 192']
2026-01-24 14:56:05,829 - __main__ - INFO - Ergebnis von Abmessung erhalten: Typ=<class 'list'>
2026-01-24 14:56:05,829 - __main__ - INFO - Abmessungen erhalten: ['0 x 0', '0 x 0', '0 x 0', '70 x 192']
2026-01-24 14:56:05,830 - __main__ - INFO - Gesamt-Abmessung berechnet: 70 x 70 x 192
2026-01-24 14:56:05,830 - __main__ - INFO - YOLO-Frames vorhanden - aktualisiere Bilder in GUI
2026-01-24 14:56:05,965 - __main__ - INFO - Ergebnis von yolo_frames erhalten: Typ=<class 'list'>
2026-01-24 14:56:05,965 - __main__ - INFO - Erhalte 4 annotierte Frames
2026-01-24 14:56:05,966 - __main__ - INFO - YOLO-Frames vorhanden - aktualisiere Bilder in GUI
2026-01-24 14:56:06,078 - __main__ - INFO - Alle Tasks fertig
2026-01-24 14:56:08,105 - __main__ - INFO - go_next: Aktuelle Seite 2, scan_start=False
2026-01-24 14:56:12,360 - __main__ - INFO - go_back: Aktuelle Seite 3, scan_start=False
2026-01-24 14:56:13,856 - __main__ - INFO - go_next: Aktuelle Seite 2, scan_start=False
2026-01-24 14:56:14,153 - __main__ - INFO - go_next: Aktuelle Seite 3, scan_start=False
2026-01-24 14:56:14,154 - __main__ - INFO - Bereits auf letzter Seite
2026-01-24 14:56:14,743 - __main__ - INFO - go_back: Aktuelle Seite 3, scan_start=False
2026-01-24 14:56:15,061 - __main__ - INFO - go_back: Aktuelle Seite 2, scan_start=False
2026-01-24 14:56:15,061 - __main__ - INFO - Zurück zur Foto-Auswahl: scan_start=True gesetzt
2026-01-24 14:56:17,429 - __main__ - INFO - Wiederhole Bild 3
2026-01-24 14:56:18,338 - __main__ - INFO - Bild erfolgreich von Kamera 2 aufgenommen
2026-01-24 14:56:18,765 - __main__ - INFO - Wiederhole Bild 4
2026-01-24 14:56:19,592 - __main__ - INFO - Bild erfolgreich von Kamera 3 aufgenommen
2026-01-24 14:56:21,035 - __main__ - INFO - go_next: Aktuelle Seite 1, scan_start=True
2026-01-24 14:56:21,041 - __main__ - INFO - BoundingBox_Yolo03 erfolgreich importiert
2026-01-24 14:56:21,043 - __main__ - INFO - Bild 0 ist None - überspringe YOLO-Verarbeitung
2026-01-24 14:56:21,043 - __main__ - INFO - Verarbeite Bild 1 für YOLO-Erkennung
2026-01-24 14:56:21,053 - __main__ - ERROR - Gewichtsmodul nicht verfügbar: No module named 'board'
2026-01-24 14:56:21,061 - __main__ - INFO - Ergebnis von weight erhalten: Typ=<class 'str'>
2026-01-24 14:56:21,068 - __main__ - INFO - Gewicht: Undefiniert
2026-01-24 14:56:21,117 - __main__ - INFO - YOLO-Frames vorhanden - aktualisiere Bilder in GUI
2026-01-24 14:56:21,307 - workers.BarCode_v02 - INFO - YOLO-Modell geladen von models/YOLOV8s_Barcode_Detection.pt
2026-01-24 14:56:21,308 - __main__ - INFO - Bild 0 ist None - überspringe Barcode-Erkennung
2026-01-24 14:56:21,309 - __main__ - INFO - Analysiere Bild 1 (top_Bild) auf Barcodes...
2026-01-24 14:56:22,143 - workers.BarCode_v02 - INFO - Bild 1: 0 Barcode(s) erkannt
2026-01-24 14:56:22,145 - __main__ - INFO - Bild 1: Keine Barcodes erkannt
2026-01-24 14:56:22,145 - __main__ - INFO - Analysiere Bild 2 (right_Bild) auf Barcodes...
2026-01-24 14:56:22,677 - workers.BarCode_v02 - INFO - Bild 2: 0 Barcode(s) erkannt
2026-01-24 14:56:22,681 - __main__ - INFO - Bild 2: Keine Barcodes erkannt
2026-01-24 14:56:22,682 - __main__ - INFO - Analysiere Bild 3 (behind_Bild) auf Barcodes...
2026-01-24 14:56:23,167 - workers.BarCode_v02 - INFO - Bild 3: 0 Barcode(s) erkannt
2026-01-24 14:56:23,168 - __main__ - INFO - Bild 3: Keine Barcodes erkannt
2026-01-24 14:56:23,169 - __main__ - INFO - Insgesamt 0 Barcodes in 4 Bildern erkannt
2026-01-24 14:56:23,986 - __main__ - WARNING - Bild 1: Keine Boxen erkannt
2026-01-24 14:56:23,987 - __main__ - INFO - Verarbeite Bild 2 für YOLO-Erkennung
2026-01-24 14:56:26,823 - __main__ - WARNING - Bild 2: Keine Boxen erkannt
2026-01-24 14:56:26,824 - __main__ - INFO - Verarbeite Bild 3 für YOLO-Erkennung
2026-01-24 14:56:29,666 - __main__ - WARNING - Bild 3: Keine Boxen erkannt
2026-01-24 14:56:29,667 - __main__ - INFO - YOLO-Erkennung abgeschlossen. Dimensionen: ['0 x 0', '0 x 0', '0 x 0', '0 x 0']
2026-01-24 14:56:29,667 - __main__ - INFO - Ergebnis von Abmessung erhalten: Typ=<class 'list'>
2026-01-24 14:56:29,668 - __main__ - INFO - Abmessungen erhalten: ['0 x 0', '0 x 0', '0 x 0', '0 x 0']
2026-01-24 14:56:29,668 - __main__ - WARNING - Keine gültigen Abmessungen gefunden
2026-01-24 14:56:29,669 - __main__ - INFO - YOLO-Frames vorhanden - aktualisiere Bilder in GUI
2026-01-24 14:56:29,811 - __main__ - INFO - Ergebnis von yolo_frames erhalten: Typ=<class 'list'>
2026-01-24 14:56:29,812 - __main__ - INFO - Erhalte 4 annotierte Frames
2026-01-24 14:56:29,813 - __main__ - INFO - YOLO-Frames vorhanden - aktualisiere Bilder in GUI
2026-01-24 14:56:29,937 - __main__ - INFO - Alle Tasks fertig
2026-01-24 14:56:51,102 - __main__ - INFO - go_next: Aktuelle Seite 2, scan_start=False
2026-01-24 14:56:52,173 - __main__ - INFO - go_next: Aktuelle Seite 3, scan_start=False
2026-01-24 14:56:52,173 - __main__ - INFO - Bereits auf letzter Seite
2026-01-24 14:57:19,441 - __main__ - INFO - go_back: Aktuelle Seite 3, scan_start=False
2026-01-24 14:57:20,028 - __main__ - INFO - go_back: Aktuelle Seite 2, scan_start=False
2026-01-24 14:57:20,028 - __main__ - INFO - Zurück zur Foto-Auswahl: scan_start=True gesetzt
2026-01-24 14:57:21,694 - __main__ - INFO - Wiederhole Bild 2
2026-01-24 14:57:22,699 - __main__ - INFO - Bild erfolgreich von Kamera 1 aufgenommen
2026-01-24 14:57:26,644 - __main__ - INFO - Wiederhole Bild 4
2026-01-24 14:57:27,533 - __main__ - INFO - Bild erfolgreich von Kamera 3 aufgenommen
2026-01-24 14:57:27,820 - __main__ - INFO - Wiederhole Bild 3
2026-01-24 14:57:28,614 - __main__ - INFO - Bild erfolgreich von Kamera 2 aufgenommen
2026-01-24 14:57:29,778 - __main__ - INFO - go_next: Aktuelle Seite 1, scan_start=True
2026-01-24 14:57:29,786 - __main__ - INFO - BoundingBox_Yolo03 erfolgreich importiert
2026-01-24 14:57:29,787 - __main__ - INFO - Bild 0 ist None - überspringe YOLO-Verarbeitung
2026-01-24 14:57:29,789 - __main__ - INFO - Verarbeite Bild 1 für YOLO-Erkennung
2026-01-24 14:57:29,821 - __main__ - ERROR - Gewichtsmodul nicht verfügbar: No module named 'board'
2026-01-24 14:57:29,862 - __main__ - INFO - Ergebnis von weight erhalten: Typ=<class 'str'>
2026-01-24 14:57:29,875 - __main__ - INFO - Gewicht: Undefiniert
2026-01-24 14:57:30,028 - __main__ - INFO - YOLO-Frames vorhanden - aktualisiere Bilder in GUI
2026-01-24 14:57:30,331 - workers.BarCode_v02 - INFO - YOLO-Modell geladen von models/YOLOV8s_Barcode_Detection.pt
2026-01-24 14:57:30,332 - __main__ - INFO - Bild 0 ist None - überspringe Barcode-Erkennung
2026-01-24 14:57:30,333 - __main__ - INFO - Analysiere Bild 1 (top_Bild) auf Barcodes...
2026-01-24 14:57:30,781 - workers.BarCode_v02 - INFO - Bild 1: 0 Barcode(s) erkannt
2026-01-24 14:57:30,784 - __main__ - INFO - Bild 1: Keine Barcodes erkannt
2026-01-24 14:57:30,785 - __main__ - INFO - Analysiere Bild 2 (right_Bild) auf Barcodes...
2026-01-24 14:57:31,187 - workers.BarCode_v02 - INFO - Bild 2: 0 Barcode(s) erkannt
2026-01-24 14:57:31,189 - __main__ - INFO - Bild 2: Keine Barcodes erkannt
2026-01-24 14:57:31,191 - __main__ - INFO - Analysiere Bild 3 (behind_Bild) auf Barcodes...
2026-01-24 14:57:31,599 - workers.BarCode_v02 - INFO - Bild 3: 0 Barcode(s) erkannt
2026-01-24 14:57:31,599 - __main__ - INFO - Bild 3: Keine Barcodes erkannt
2026-01-24 14:57:31,600 - __main__ - INFO - Insgesamt 0 Barcodes in 4 Bildern erkannt
2026-01-24 14:57:32,463 - __main__ - WARNING - Bild 1: Keine Boxen erkannt
2026-01-24 14:57:32,464 - __main__ - INFO - Verarbeite Bild 2 für YOLO-Erkennung
2026-01-24 14:57:34,793 - __main__ - WARNING - Bild 2: Keine Boxen erkannt
2026-01-24 14:57:34,794 - __main__ - INFO - Verarbeite Bild 3 für YOLO-Erkennung
2026-01-24 14:57:37,130 - __main__ - INFO - Bild 3: YOLO erkannt - 279 x 262
2026-01-24 14:57:37,131 - __main__ - INFO - YOLO-Erkennung abgeschlossen. Dimensionen: ['0 x 0', '0 x 0', '0 x 0', '279 x 262']
2026-01-24 14:57:37,132 - __main__ - INFO - Ergebnis von Abmessung erhalten: Typ=<class 'list'>
2026-01-24 14:57:37,133 - __main__ - INFO - Abmessungen erhalten: ['0 x 0', '0 x 0', '0 x 0', '279 x 262']
2026-01-24 14:57:37,133 - __main__ - INFO - Gesamt-Abmessung berechnet: 279 x 279 x 262
2026-01-24 14:57:37,133 - __main__ - INFO - YOLO-Frames vorhanden - aktualisiere Bilder in GUI
2026-01-24 14:57:37,245 - __main__ - INFO - Ergebnis von yolo_frames erhalten: Typ=<class 'list'>
2026-01-24 14:57:37,245 - __main__ - INFO - Erhalte 4 annotierte Frames
2026-01-24 14:57:37,246 - __main__ - INFO - YOLO-Frames vorhanden - aktualisiere Bilder in GUI
2026-01-24 14:57:37,352 - __main__ - INFO - Alle Tasks fertig
2026-01-24 14:57:39,380 - __main__ - INFO - go_next: Aktuelle Seite 2, scan_start=False
2026-01-24 14:57:40,761 - __main__ - INFO - go_back: Aktuelle Seite 3, scan_start=False
2026-01-24 14:57:43,536 - __main__ - INFO - go_back: Aktuelle Seite 2, scan_start=False
2026-01-24 14:57:43,537 - __main__ - INFO - Zurück zur Foto-Auswahl: scan_start=True gesetzt
2026-01-24 14:57:46,495 - __main__ - INFO - Wiederhole Bild 2
2026-01-24 14:57:47,389 - __main__ - INFO - Bild erfolgreich von Kamera 1 aufgenommen
2026-01-24 14:57:48,087 - __main__ - INFO - Wiederhole Bild 2
2026-01-24 14:57:48,909 - __main__ - INFO - Bild erfolgreich von Kamera 1 aufgenommen
2026-01-24 14:57:49,756 - __main__ - INFO - Wiederhole Bild 2
2026-01-24 14:57:50,632 - __main__ - INFO - Bild erfolgreich von Kamera 1 aufgenommen
2026-01-24 14:58:05,917 - __main__ - INFO - Wiederhole Bild 2
2026-01-24 14:58:06,802 - __main__ - INFO - Bild erfolgreich von Kamera 1 aufgenommen
2026-01-24 14:58:09,606 - __main__ - INFO - go_next: Aktuelle Seite 1, scan_start=True
2026-01-24 14:58:09,612 - __main__ - INFO - BoundingBox_Yolo03 erfolgreich importiert
2026-01-24 14:58:09,614 - __main__ - INFO - Bild 0 ist None - überspringe YOLO-Verarbeitung
2026-01-24 14:58:09,616 - __main__ - INFO - Verarbeite Bild 1 für YOLO-Erkennung
2026-01-24 14:58:09,692 - __main__ - ERROR - Gewichtsmodul nicht verfügbar: No module named 'board'
2026-01-24 14:58:09,714 - __main__ - INFO - Ergebnis von weight erhalten: Typ=<class 'str'>
2026-01-24 14:58:09,750 - __main__ - INFO - Gewicht: Undefiniert
2026-01-24 14:58:09,755 - __main__ - INFO - YOLO-Frames vorhanden - aktualisiere Bilder in GUI
2026-01-24 14:58:10,041 - workers.BarCode_v02 - INFO - YOLO-Modell geladen von models/YOLOV8s_Barcode_Detection.pt
2026-01-24 14:58:10,043 - __main__ - INFO - Bild 0 ist None - überspringe Barcode-Erkennung
2026-01-24 14:58:10,043 - __main__ - INFO - Analysiere Bild 1 (top_Bild) auf Barcodes...
2026-01-24 14:58:12,197 - __main__ - WARNING - Bild 1: Keine Boxen erkannt
2026-01-24 14:58:12,198 - __main__ - INFO - Verarbeite Bild 2 für YOLO-Erkennung
2026-01-24 14:58:14,605 - __main__ - WARNING - Bild 2: Keine Boxen erkannt
2026-01-24 14:58:14,606 - __main__ - INFO - Verarbeite Bild 3 für YOLO-Erkennung
2026-01-24 14:58:15,479 - workers.BarCode_v02 - INFO - Bild 1: 0 Barcode(s) erkannt
2026-01-24 14:58:15,480 - __main__ - INFO - Bild 1: Keine Barcodes erkannt
2026-01-24 14:58:15,480 - __main__ - INFO - Analysiere Bild 2 (right_Bild) auf Barcodes...
2026-01-24 14:58:15,918 - workers.BarCode_v02 - INFO - Bild 2: 0 Barcode(s) erkannt
2026-01-24 14:58:15,919 - __main__ - INFO - Bild 2: Keine Barcodes erkannt
2026-01-24 14:58:15,920 - __main__ - INFO - Analysiere Bild 3 (behind_Bild) auf Barcodes...
2026-01-24 14:58:16,257 - workers.BarCode_v02 - INFO - Bild 3: 0 Barcode(s) erkannt
2026-01-24 14:58:16,257 - __main__ - INFO - Bild 3: Keine Barcodes erkannt
2026-01-24 14:58:16,258 - __main__ - INFO - Insgesamt 0 Barcodes in 4 Bildern erkannt
2026-01-24 14:58:17,080 - __main__ - INFO - Bild 3: YOLO erkannt - 279 x 262
2026-01-24 14:58:17,081 - __main__ - INFO - YOLO-Erkennung abgeschlossen. Dimensionen: ['0 x 0', '0 x 0', '0 x 0', '279 x 262']
2026-01-24 14:58:17,081 - __main__ - INFO - Ergebnis von Abmessung erhalten: Typ=<class 'list'>
2026-01-24 14:58:17,082 - __main__ - INFO - Abmessungen erhalten: ['0 x 0', '0 x 0', '0 x 0', '279 x 262']
2026-01-24 14:58:17,082 - __main__ - INFO - Gesamt-Abmessung berechnet: 279 x 279 x 262
2026-01-24 14:58:17,083 - __main__ - INFO - YOLO-Frames vorhanden - aktualisiere Bilder in GUI
2026-01-24 14:58:17,189 - __main__ - INFO - Ergebnis von yolo_frames erhalten: Typ=<class 'list'>
2026-01-24 14:58:17,189 - __main__ - INFO - Erhalte 4 annotierte Frames
2026-01-24 14:58:17,190 - __main__ - INFO - YOLO-Frames vorhanden - aktualisiere Bilder in GUI
2026-01-24 14:58:17,297 - __main__ - INFO - Alle Tasks fertig
2026-01-24 14:58:19,474 - __main__ - INFO - go_next: Aktuelle Seite 2, scan_start=False
2026-01-24 14:58:22,530 - __main__ - INFO - go_back: Aktuelle Seite 3, scan_start=False
2026-01-24 14:58:31,448 - __main__ - INFO - 3D-Scanner wird gestartet...
2026-01-24 14:58:34,198 - __main__ - INFO - Verfügbare Kameras gefunden: [0, 1, 2, 3]
2026-01-24 14:58:36,355 - __main__ - INFO - go_next: Aktuelle Seite 0, scan_start=False
2026-01-24 14:58:36,356 - __main__ - INFO - Starte Bildaufnahme von allen Kameras
2026-01-24 14:58:37,359 - __main__ - INFO - Bild erfolgreich von Kamera 0 aufgenommen
2026-01-24 14:58:38,255 - __main__ - INFO - Bild erfolgreich von Kamera 1 aufgenommen
2026-01-24 14:58:39,032 - __main__ - INFO - Bild erfolgreich von Kamera 2 aufgenommen
2026-01-24 14:58:39,837 - __main__ - INFO - Bild erfolgreich von Kamera 3 aufgenommen
2026-01-24 14:58:41,235 - __main__ - INFO - Verworfen Bild 1
2026-01-24 14:58:42,281 - __main__ - INFO - go_next: Aktuelle Seite 1, scan_start=True
2026-01-24 14:58:42,346 - __main__ - ERROR - Gewichtsmodul nicht verfügbar: No module named 'board'
2026-01-24 14:58:42,347 - __main__ - INFO - Ergebnis von weight erhalten: Typ=<class 'str'>
2026-01-24 14:58:42,347 - __main__ - INFO - Gewicht: Undefiniert
2026-01-24 14:58:42,349 - __main__ - INFO - Barcodes vorhanden - aktualisiere GUI
2026-01-24 14:58:50,177 - __main__ - INFO - BoundingBox_Yolo03 erfolgreich importiert
2026-01-24 14:58:50,177 - __main__ - INFO - Bild 0 ist None - überspringe YOLO-Verarbeitung
2026-01-24 14:58:50,178 - __main__ - INFO - Verarbeite Bild 1 für YOLO-Erkennung
2026-01-24 14:58:50,458 - workers.BarCode_v02 - INFO - YOLO-Modell geladen von models/YOLOV8s_Barcode_Detection.pt
2026-01-24 14:58:50,459 - __main__ - INFO - Bild 0 ist None - überspringe Barcode-Erkennung
2026-01-24 14:58:50,460 - __main__ - INFO - Analysiere Bild 1 (top_Bild) auf Barcodes...
2026-01-24 14:58:53,242 - __main__ - WARNING - Bild 1: Keine Boxen erkannt
2026-01-24 14:58:53,243 - __main__ - INFO - Verarbeite Bild 2 für YOLO-Erkennung
2026-01-24 14:58:55,660 - __main__ - WARNING - Bild 2: Keine Boxen erkannt
2026-01-24 14:58:55,660 - __main__ - INFO - Verarbeite Bild 3 für YOLO-Erkennung
2026-01-24 14:58:56,132 - workers.BarCode_v02 - INFO - Bild 1: 0 Barcode(s) erkannt
2026-01-24 14:58:56,133 - __main__ - INFO - Bild 1: Keine Barcodes erkannt
2026-01-24 14:58:56,134 - __main__ - INFO - Analysiere Bild 2 (right_Bild) auf Barcodes...
2026-01-24 14:58:56,421 - workers.BarCode_v02 - INFO - Bild 2: 0 Barcode(s) erkannt
2026-01-24 14:58:56,423 - __main__ - INFO - Bild 2: Keine Barcodes erkannt
2026-01-24 14:58:56,423 - __main__ - INFO - Analysiere Bild 3 (behind_Bild) auf Barcodes...
2026-01-24 14:58:56,880 - workers.BarCode_v02 - INFO - Bild 3: 0 Barcode(s) erkannt
2026-01-24 14:58:56,881 - __main__ - INFO - Bild 3: Keine Barcodes erkannt
2026-01-24 14:58:56,882 - __main__ - INFO - Insgesamt 0 Barcodes in 4 Bildern erkannt
2026-01-24 14:58:58,146 - __main__ - WARNING - Bild 3: Keine Boxen erkannt
2026-01-24 14:58:58,147 - __main__ - INFO - YOLO-Erkennung abgeschlossen. Dimensionen: ['0 x 0', '0 x 0', '0 x 0', '0 x 0']
2026-01-24 14:58:58,147 - __main__ - INFO - Ergebnis von Abmessung erhalten: Typ=<class 'list'>
2026-01-24 14:58:58,148 - __main__ - INFO - Abmessungen erhalten: ['0 x 0', '0 x 0', '0 x 0', '0 x 0']
2026-01-24 14:58:58,148 - __main__ - WARNING - Keine gültigen Abmessungen gefunden
2026-01-24 14:58:58,149 - __main__ - INFO - Barcodes vorhanden - aktualisiere GUI
2026-01-24 14:58:58,284 - __main__ - INFO - Ergebnis von yolo_frames erhalten: Typ=<class 'list'>
2026-01-24 14:58:58,284 - __main__ - INFO - Erhalte 4 annotierte Frames
2026-01-24 14:58:58,285 - __main__ - INFO - YOLO-Frames vorhanden - aktualisiere Bilder in GUI
2026-01-24 14:58:58,404 - __main__ - INFO - Alle Tasks fertig
2026-01-24 14:59:00,489 - __main__ - INFO - go_next: Aktuelle Seite 2, scan_start=False
2026-01-24 14:59:04,901 - __main__ - INFO - go_back: Aktuelle Seite 3, scan_start=False
2026-01-24 14:59:05,151 - __main__ - INFO - go_back: Aktuelle Seite 2, scan_start=False
2026-01-24 14:59:05,151 - __main__ - INFO - Zurück zur Foto-Auswahl: scan_start=True gesetzt
2026-01-24 15:00:48,174 - __main__ - INFO - Wiederhole Bild 2
2026-01-24 15:00:49,176 - __main__ - INFO - Bild erfolgreich von Kamera 1 aufgenommen
2026-01-24 15:00:50,600 - __main__ - INFO - Wiederhole Bild 3
2026-01-24 15:00:51,496 - __main__ - INFO - Bild erfolgreich von Kamera 2 aufgenommen
2026-01-24 15:00:51,887 - __main__ - INFO - Wiederhole Bild 4
2026-01-24 15:00:52,777 - __main__ - INFO - Bild erfolgreich von Kamera 3 aufgenommen
2026-01-24 15:00:53,763 - __main__ - INFO - go_next: Aktuelle Seite 1, scan_start=True
2026-01-24 15:00:53,770 - __main__ - INFO - BoundingBox_Yolo03 erfolgreich importiert
2026-01-24 15:00:53,772 - __main__ - INFO - Bild 0 ist None - überspringe YOLO-Verarbeitung
2026-01-24 15:00:53,773 - __main__ - INFO - Verarbeite Bild 1 für YOLO-Erkennung
2026-01-24 15:00:53,814 - __main__ - ERROR - Gewichtsmodul nicht verfügbar: No module named 'board'
2026-01-24 15:00:53,864 - __main__ - INFO - Ergebnis von weight erhalten: Typ=<class 'str'>
2026-01-24 15:00:53,870 - __main__ - INFO - Gewicht: Undefiniert
2026-01-24 15:00:53,871 - __main__ - INFO - YOLO-Frames vorhanden - aktualisiere Bilder in GUI
2026-01-24 15:00:54,199 - workers.BarCode_v02 - INFO - YOLO-Modell geladen von models/YOLOV8s_Barcode_Detection.pt
2026-01-24 15:00:54,200 - __main__ - INFO - Bild 0 ist None - überspringe Barcode-Erkennung
2026-01-24 15:00:54,201 - __main__ - INFO - Analysiere Bild 1 (top_Bild) auf Barcodes...
2026-01-24 15:00:56,383 - __main__ - INFO - Bild 1: YOLO erkannt - 174 x 324
2026-01-24 15:00:56,384 - __main__ - INFO - Verarbeite Bild 2 für YOLO-Erkennung
2026-01-24 15:00:56,631 - workers.BarCode_v02 - INFO - Bild 1: 0 Barcode(s) erkannt
2026-01-24 15:00:56,631 - __main__ - INFO - Bild 1: Keine Barcodes erkannt
2026-01-24 15:00:56,632 - __main__ - INFO - Analysiere Bild 2 (right_Bild) auf Barcodes...
2026-01-24 15:00:56,946 - workers.BarCode_v02 - INFO - Bild 2: 0 Barcode(s) erkannt
2026-01-24 15:00:56,947 - __main__ - INFO - Bild 2: Keine Barcodes erkannt
2026-01-24 15:00:56,948 - __main__ - INFO - Analysiere Bild 3 (behind_Bild) auf Barcodes...
2026-01-24 15:00:57,256 - workers.BarCode_v02 - INFO - Bild 3: 0 Barcode(s) erkannt
2026-01-24 15:00:57,259 - __main__ - INFO - Bild 3: Keine Barcodes erkannt
2026-01-24 15:00:57,264 - __main__ - INFO - Insgesamt 0 Barcodes in 4 Bildern erkannt
2026-01-24 15:00:58,840 - __main__ - INFO - Bild 2: YOLO erkannt - 314 x 144
2026-01-24 15:00:58,841 - __main__ - INFO - Verarbeite Bild 3 für YOLO-Erkennung
2026-01-24 15:01:01,210 - __main__ - WARNING - Bild 3: Keine Boxen erkannt
2026-01-24 15:01:01,210 - __main__ - INFO - YOLO-Erkennung abgeschlossen. Dimensionen: ['0 x 0', '174 x 324', '314 x 144', '0 x 0']
2026-01-24 15:01:01,211 - __main__ - INFO - Ergebnis von Abmessung erhalten: Typ=<class 'list'>
2026-01-24 15:01:01,212 - __main__ - INFO - Abmessungen erhalten: ['0 x 0', '174 x 324', '314 x 144', '0 x 0']
2026-01-24 15:01:01,212 - __main__ - INFO - Gesamt-Abmessung berechnet: 174 x 174 x 324
2026-01-24 15:01:01,212 - __main__ - INFO - YOLO-Frames vorhanden - aktualisiere Bilder in GUI
2026-01-24 15:01:01,352 - __main__ - INFO - Ergebnis von yolo_frames erhalten: Typ=<class 'list'>
2026-01-24 15:01:01,353 - __main__ - INFO - Erhalte 4 annotierte Frames
2026-01-24 15:01:01,353 - __main__ - INFO - YOLO-Frames vorhanden - aktualisiere Bilder in GUI
2026-01-24 15:01:01,472 - __main__ - INFO - Alle Tasks fertig
2026-01-24 15:01:03,138 - __main__ - INFO - go_next: Aktuelle Seite 2, scan_start=False
2026-01-24 15:01:03,778 - __main__ - INFO - go_next: Aktuelle Seite 3, scan_start=False
2026-01-24 15:01:03,779 - __main__ - INFO - Bereits auf letzter Seite
2026-01-24 15:01:04,141 - __main__ - INFO - go_next: Aktuelle Seite 3, scan_start=False
2026-01-24 15:01:04,142 - __main__ - INFO - Bereits auf letzter Seite
2026-01-24 15:01:08,025 - __main__ - INFO - go_next: Aktuelle Seite 3, scan_start=False
2026-01-24 15:01:08,027 - __main__ - INFO - Bereits auf letzter Seite
2026-01-24 15:01:12,102 - __main__ - INFO - Anwendung wurde neu gestartet
2026-01-24 15:01:13,149 - __main__ - INFO - go_next: Aktuelle Seite 0, scan_start=False
2026-01-24 15:01:13,151 - __main__ - INFO - Starte Bildaufnahme von allen Kameras
2026-01-24 15:01:14,140 - __main__ - INFO - Bild erfolgreich von Kamera 0 aufgenommen
2026-01-24 15:01:14,891 - __main__ - INFO - Bild erfolgreich von Kamera 1 aufgenommen
2026-01-24 15:01:15,720 - __main__ - INFO - Bild erfolgreich von Kamera 2 aufgenommen
2026-01-24 15:01:16,561 - __main__ - INFO - Bild erfolgreich von Kamera 3 aufgenommen
2026-01-24 15:01:18,944 - __main__ - INFO - Wiederhole Bild 2
2026-01-24 15:01:19,845 - __main__ - INFO - Bild erfolgreich von Kamera 1 aufgenommen
2026-01-24 15:01:19,854 - __main__ - INFO - Verworfen Bild 1
2026-01-24 15:01:21,159 - __main__ - INFO - Wiederhole Bild 2
2026-01-24 15:01:22,038 - __main__ - INFO - Bild erfolgreich von Kamera 1 aufgenommen
2026-01-24 15:01:24,413 - __main__ - INFO - Wiederhole Bild 3
2026-01-24 15:01:25,308 - __main__ - INFO - Bild erfolgreich von Kamera 2 aufgenommen
2026-01-24 15:01:25,936 - __main__ - INFO - Wiederhole Bild 4
2026-01-24 15:01:26,719 - __main__ - INFO - Bild erfolgreich von Kamera 3 aufgenommen
2026-01-24 15:01:28,145 - __main__ - INFO - go_next: Aktuelle Seite 1, scan_start=True
2026-01-24 15:01:28,151 - __main__ - INFO - BoundingBox_Yolo03 erfolgreich importiert
2026-01-24 15:01:28,152 - __main__ - INFO - Bild 0 ist None - überspringe YOLO-Verarbeitung
2026-01-24 15:01:28,154 - __main__ - INFO - Verarbeite Bild 1 für YOLO-Erkennung
2026-01-24 15:01:28,192 - __main__ - ERROR - Gewichtsmodul nicht verfügbar: No module named 'board'
2026-01-24 15:01:28,226 - __main__ - INFO - Ergebnis von weight erhalten: Typ=<class 'str'>
2026-01-24 15:01:28,446 - workers.BarCode_v02 - INFO - YOLO-Modell geladen von models/YOLOV8s_Barcode_Detection.pt
2026-01-24 15:01:28,476 - __main__ - INFO - Gewicht: Undefiniert
2026-01-24 15:01:28,496 - __main__ - INFO - Bild 0 ist None - überspringe Barcode-Erkennung
2026-01-24 15:01:28,507 - __main__ - INFO - YOLO-Frames vorhanden - aktualisiere Bilder in GUI
2026-01-24 15:01:28,510 - __main__ - INFO - Analysiere Bild 1 (top_Bild) auf Barcodes...
2026-01-24 15:01:29,688 - workers.BarCode_v02 - INFO - Barcode erkannt in Bild 1: 7005394007300 (Typ: EAN13)
2026-01-24 15:01:29,691 - workers.BarCode_v02 - INFO - Bild 1: 1 Barcode(s) erkannt
2026-01-24 15:01:29,692 - __main__ - INFO - Bild 1: 1 Barcode(s) erkannt
2026-01-24 15:01:29,692 - __main__ - INFO - Analysiere Bild 2 (right_Bild) auf Barcodes...
2026-01-24 15:01:30,093 - workers.BarCode_v02 - INFO - Bild 2: 0 Barcode(s) erkannt
2026-01-24 15:01:30,094 - __main__ - INFO - Bild 2: Keine Barcodes erkannt
2026-01-24 15:01:30,095 - __main__ - INFO - Analysiere Bild 3 (behind_Bild) auf Barcodes...
2026-01-24 15:01:30,376 - workers.BarCode_v02 - INFO - Bild 3: 0 Barcode(s) erkannt
2026-01-24 15:01:30,377 - __main__ - INFO - Bild 3: Keine Barcodes erkannt
2026-01-24 15:01:30,378 - __main__ - INFO - Insgesamt 1 Barcodes in 4 Bildern erkannt
2026-01-24 15:01:30,378 - __main__ - INFO - Ergebnis von barcode erhalten: Typ=<class 'dict'>
2026-01-24 15:01:30,381 - __main__ - INFO - Barcode-Daten empfangen: {'found': True, 'value': '7005394007300', 'type': 'EAN13', 'image_index': 1, 'cropped_image': array([[[187, 158, 102],
        [184, 155,  99],
        [190, 157,  98],
        ...,
        [214, 185, 129],
        [216, 186, 137],
        [219, 189, 140]],

       [[188, 155,  96],
        [187, 154,  95],
        [190, 157,  98],
        ...,
        [214, 185, 129],
        [216, 187, 131],
        [217, 188, 132]],

       [[189, 156,  97],
        [188, 155,  96],
        [190, 157,  94],
        ...,
        [215, 186, 130],
        [216, 187, 131],
        [217, 188, 132]],

       ...,

       [[206, 177, 121],
        [206, 177, 121],
        [209, 174, 127],
        ...,
        [226, 223, 217],
        [227, 223, 224],
        [226, 222, 223]],

       [[206, 176, 127],
        [206, 176, 127],
        [209, 174, 127],
        ...,
        [222, 219, 213],
        [222, 222, 222],
        [221, 221, 221]],

       [[205, 175, 126],
        [203, 173, 124],
        [208, 173, 126],
        ...,
        [221, 218, 212],
        [224, 221, 215],
        [222, 219, 213]]], shape=(160, 284, 3), dtype=uint8)}
2026-01-24 15:01:30,386 - __main__ - INFO - Barcode gespeichert: 7005394007300
2026-01-24 15:01:30,388 - __main__ - INFO - YOLO-Frames vorhanden - aktualisiere Bilder in GUI
2026-01-24 15:01:30,859 - __main__ - INFO - Bild 1: YOLO erkannt - 169 x 83
2026-01-24 15:01:30,859 - __main__ - INFO - Verarbeite Bild 2 für YOLO-Erkennung
2026-01-24 15:01:33,187 - __main__ - INFO - Bild 2: YOLO erkannt - 323 x 163
2026-01-24 15:01:33,188 - __main__ - INFO - Verarbeite Bild 3 für YOLO-Erkennung
2026-01-24 15:01:35,489 - __main__ - INFO - Bild 3: YOLO erkannt - 208 x 191
2026-01-24 15:01:35,489 - __main__ - INFO - YOLO-Erkennung abgeschlossen. Dimensionen: ['0 x 0', '169 x 83', '323 x 163', '208 x 191']
2026-01-24 15:01:35,490 - __main__ - INFO - Ergebnis von Abmessung erhalten: Typ=<class 'list'>
2026-01-24 15:01:35,490 - __main__ - INFO - Abmessungen erhalten: ['0 x 0', '169 x 83', '323 x 163', '208 x 191']
2026-01-24 15:01:35,491 - __main__ - INFO - Gesamt-Abmessung berechnet: 169 x 169 x 83
2026-01-24 15:01:35,491 - __main__ - INFO - YOLO-Frames vorhanden - aktualisiere Bilder in GUI
2026-01-24 15:01:35,599 - __main__ - INFO - Ergebnis von yolo_frames erhalten: Typ=<class 'list'>
2026-01-24 15:01:35,600 - __main__ - INFO - Erhalte 4 annotierte Frames
2026-01-24 15:01:35,600 - __main__ - INFO - YOLO-Frames vorhanden - aktualisiere Bilder in GUI
2026-01-24 15:01:35,706 - __main__ - INFO - Alle Tasks fertig
2026-01-24 15:01:37,729 - __main__ - INFO - go_next: Aktuelle Seite 2, scan_start=False
2026-01-24 15:01:40,413 - __main__ - INFO - go_back: Aktuelle Seite 3, scan_start=False
2026-01-24 15:01:51,842 - __main__ - INFO - go_next: Aktuelle Seite 2, scan_start=False
2026-01-24 15:02:06,638 - __main__ - INFO - Barcode 0: Typ auf UPC-E gesetzt, Artikelnummer=True
2026-01-24 15:02:13,778 - __main__ - INFO - Barcode 0: Typ auf CODE39 gesetzt, Artikelnummer=True
2026-01-24 15:02:15,751 - __main__ - INFO - Barcode 0: Typ auf CODE128 gesetzt, Artikelnummer=True
2026-01-24 15:02:19,403 - __main__ - INFO - Barcode 0: Typ auf EAN13 gesetzt, Artikelnummer=False
2026-01-24 15:02:24,120 - __main__ - INFO - Füge neues Barcode-Feld hinzu
2026-01-24 15:02:30,757 - __main__ - INFO - Füge neues Barcode-Feld hinzu
2026-01-24 15:02:53,751 - __main__ - INFO - Daten gespeichert: 0 EANs, 0 Artikelnummern
2026-01-24 15:02:57,393 - __main__ - INFO - Anwendung wurde neu gestartet
