Removed Pin From Net: NetName=+5V Pin=I2CMUX-1
Removed Pin From Net: NetName=GND Pin=I2CMUX-2
Removed Pin From Net: NetName=SDA Pin=I2CMUX-3
Removed Pin From Net: NetName=SCL Pin=I2CMUX-4
Removed Pin From Net: NetName=SDA1 Pin=I2CMUX-9
Removed Pin From Net: NetName=SCL1 Pin=I2CMUX-10
Removed Pin From Net: NetName=SDA2 Pin=I2CMUX-11
Removed Pin From Net: NetName=SCL2 Pin=I2CMUX-12
Removed Pin From Net: NetName=SDA3 Pin=I2CMUX-13
Removed Pin From Net: NetName=SCL3 Pin=I2CMUX-14
Removed Pin From Net: NetName=GND Pin=Schirm1-1
Removed Pin From Net: NetName=GND Pin=Schirm1-2
Removed Pin From Net: NetName=GND Pin=Schirm2-1
Removed Pin From Net: NetName=GND Pin=Schirm2-2
Removed Member From Class: ClassName=PCB_Schematic Member=I2CMUX
Removed Member From Class: ClassName=PCB_Schematic Member=Schirm1
Removed Member From Class: ClassName=PCB_Schematic Member=Schirm2
Added Component: Designator=5V Anschluss(691213510002)
Add component (AddParameter): Name = "Check_prices"; Value = "https://www.snapeda.com/parts/691213510002/W%25C3%25BCrth+Elektronik+Midcom/view-part/?ref=eda"; VariantName = "[No Variations]"
Add component (AddParameter): Name = "MF"; Value = "Würth Elektronik"; VariantName = "[No Variations]"
Add component (AddParameter): Name = "MP"; Value = "691213510002"; VariantName = "[No Variations]"
Add component (AddParameter): Name = "Package"; Value = "None"; VariantName = "[No Variations]"
Add component (AddParameter): Name = "SnapEDA_Link"; Value = "https://www.snapeda.com/parts/691213510002/W%25C3%25BCrth+Elektronik+Midcom/view-part/?ref=snap"; VariantName = "[No Variations]"
Add component (AddParameter): Name = "Value"; Value = ""; VariantName = "[No Variations]"
Added Component: Designator=GND_Anschluss(691213510002)
Add component (AddParameter): Name = "Check_prices"; Value = "https://www.snapeda.com/parts/691213510002/W%25C3%25BCrth+Elektronik+Midcom/view-part/?ref=eda"; VariantName = "[No Variations]"
Add component (AddParameter): Name = "MF"; Value = "Würth Elektronik"; VariantName = "[No Variations]"
Add component (AddParameter): Name = "MP"; Value = "691213510002"; VariantName = "[No Variations]"
Add component (AddParameter): Name = "Package"; Value = "None"; VariantName = "[No Variations]"
Add component (AddParameter): Name = "SnapEDA_Link"; Value = "https://www.snapeda.com/parts/691213510002/W%25C3%25BCrth+Elektronik+Midcom/view-part/?ref=snap"; VariantName = "[No Variations]"
Add component (AddParameter): Name = "Value"; Value = ""; VariantName = "[No Variations]"
Added Component: Designator=I2XMUX(HDR1X12)
Add component (AddParameter): Name = "LatestRevisionDate"; Value = "17-Jul-2002"; VariantName = "[No Variations]"
Add component (AddParameter): Name = "LatestRevisionNote"; Value = "Re-released for DXP Platform."; VariantName = "[No Variations]"
Add component (AddParameter): Name = "Publisher"; Value = "Altium Limited"; VariantName = "[No Variations]"
Added Component: Designator=PCA9548A(HDR1X12)
Add component (AddParameter): Name = "LatestRevisionDate"; Value = "17-Jul-2002"; VariantName = "[No Variations]"
Add component (AddParameter): Name = "LatestRevisionNote"; Value = "Re-released for DXP Platform."; VariantName = "[No Variations]"
Add component (AddParameter): Name = "Publisher"; Value = "Altium Limited"; VariantName = "[No Variations]"
Added Pin To Net: NetName=+5V Pin=5V Anschluss-1
Added Pin To Net: NetName=+5V Pin=5V Anschluss-2
Added Pin To Net: NetName=GND Pin=GND_Anschluss-1
Added Pin To Net: NetName=GND Pin=GND_Anschluss-2
Added Pin To Net: NetName=GND Pin=I2XMUX-2
Added Pin To Net: NetName=SDA Pin=I2XMUX-3
Added Pin To Net: NetName=SCL Pin=I2XMUX-4
Added Pin To Net: NetName=SDA1 Pin=I2XMUX-9
Added Pin To Net: NetName=SCL1 Pin=I2XMUX-10
Added Pin To Net: NetName=SDA2 Pin=I2XMUX-11
Added Pin To Net: NetName=SCL2 Pin=I2XMUX-12
Added Pin To Net: NetName=SCL3 Pin=PCA9548A-11
Added Pin To Net: NetName=SDA3 Pin=PCA9548A-12
Added Member To Class: ClassName=PCB_Schematic Member=Component 5V Anschluss 691213510002
Added Member To Class: ClassName=PCB_Schematic Member=Component GND_Anschluss 691213510002
Added Member To Class: ClassName=PCB_Schematic Member=Component I2XMUX Header 12
Added Member To Class: ClassName=PCB_Schematic Member=Component PCA9548A Header 12
